<html>
<body>
<pre>
<h1>礦ision Build Log</h1>
<h2>Tool Versions:</h2>
IDE-Version: μVision V5.36.0.0
Copyright (C) 2021 ARM Ltd and ARM Germany GmbH. All rights reserved.
License Information: 1 ASUS, 1, LIC=EXJT4-FKMLB-30HNC-76DFD-X6RJ3-BIQMX
 
Tool Versions:
Toolchain:       MDK-ARM Plus  Version: 5.36.0.0
Toolchain Path:  G:\SoftWare\Keil\Keil_\ARM\ARMCLANG\Bin
C Compiler:      ArmClang.exe V6.16
Assembler:       Armasm.exe V6.16
Linker/Locator:  ArmLink.exe V6.16
Library Manager: ArmAr.exe V6.16
Hex Converter:   FromElf.exe V6.16
CPU DLL:         
Dialog DLL:      
Target DLL:      CMSIS_AGDI_V8M.DLL V1.7.0.0
Dialog DLL:      TCM.DLL V1.53.0.0
 
<h2>Project:</h2>
G:\研电赛\主控RTOS代码\终端\GD32L233C_Prj_0602\GD32L233C_Prj_v3\GD32L233C_Prj\GD32L233C_Prj.uvprojx
Project File Date:  06/03/2026

<h2>Output:</h2>
*** Using Compiler 'V6.16', folder: 'G:\SoftWare\Keil\Keil_\ARM\ARMCLANG\Bin'
Rebuild target 'Gd32L233C_START'
compiling gd32l23x_cau_tdes.c...
compiling data_frame.c...
compiling main.c...
compiling zdata_adaptive.c...
compiling chaos_encrypt.c...
compiling gd32l23x_cau_des.c...
compiling gd32l23x_cau_aes.c...
compiling data_monitor.c...
compiling log.c...
compiling gd32l23x_adc.c...
compiling health_assessment.c...
compiling gd32l23x_cau.c...
compiling wave_monitor.c...
compiling gd32l23x_cmp.c...
compiling gd32l23x_crc.c...
compiling gd32l23x_ctc.c...
compiling gd32l23x_dac.c...
compiling gd32l23x_dbg.c...
compiling gd32l23x_dma.c...
compiling gd32l23x_exti.c...
compiling gd32l23x_fmc.c...
compiling gd32l23x_fwdgt.c...
compiling gd32l23x_gpio.c...
compiling gd32l23x_i2c.c...
compiling gd32l23x_lptimer.c...
compiling gd32l23x_lpuart.c...
compiling gd32l23x_misc.c...
compiling gd32l23x_pmu.c...
compiling gd32l23x_rcu.c...
compiling gd32l23x_slcd.c...
compiling gd32l23x_rtc.c...
compiling gd32l23x_syscfg.c...
compiling gd32l23x_spi.c...
compiling gd32l23x_trng.c...
compiling gd32l23x_timer.c...
compiling gd32l23x_vref.c...
compiling gd32l23x_usart.c...
compiling gd32l23x_it.c...
compiling gd32l23x_wwdgt.c...
assembling startup_gd32l23x.s...
compiling systick.c...
compiling system_gd32l23x.c...
compiling croutine.c...
compiling event_groups.c...
compiling list.c...
compiling queue.c...
compiling stream_buffer.c...
compiling timers.c...
compiling mpu_wrappers.c...
compiling port.c...
compiling tasks.c...
compiling portasm.c...
compiling heap_4.c...
compiling danger_task.c...
compiling data_collect_task.c...
compiling data_judge_task.c...
app/task/lora_recv_task.c(13): warning: 'LORA_RX_BUF_SIZE' macro redefined [-Wmacro-redefined]
#define LORA_RX_BUF_SIZE  256
        ^
./app/BSP\mwcc68_uart.h(6): note: previous definition is here
#define LORA_RX_BUF_SIZE   128
        ^
1 warning generated.
compiling lora_recv_task.c...
compiling lora_send_task.c...
compiling sys_common.c...
compiling warning_task.c...
compiling gd32l233r_eval.c...
compiling wave_capture.c...
compiling mwcc68_uart.c...
app/BSP/mwcc68_app.c(741): warning: format specifies type 'unsigned long' but the argument has type 'uint32_t' (aka 'unsigned int') [-Wformat]
        printf("[TX #%lu] 01 02 03 04\r\n", pktCount);
                     ~~~                    ^~~~~~~~
                     %u
1 warning generated.
compiling mwcc68_app.c...
linking...
Program Size: Code=43536 RO-data=10660 RW-data=80 ZI-data=27512  
FromELF: creating hex file...
".\Objects\GD32L233C_Prj.axf" - 0 Error(s), 2 Warning(s).

<h2>Software Packages used:</h2>

Package Vendor: ARM
                http://www.keil.com/pack/ARM.CMSIS.5.8.0.pack
                ARM.CMSIS.5.8.0
                CMSIS (Common Microcontroller Software Interface Standard)
   * Component: CORE Version: 5.5.0

Package Vendor: GigaDevice
                https://gd32mcu.com/data/documents/pack/GigaDevice.GD32L23x_DFP.1.1.0.pack
                GigaDevice.GD32L23x_DFP.1.1.0
                GigaDevice GD32L23x Series Device Support and Examples

<h2>Collection of Component include folders:</h2>
  .\RTE\_Gd32L233C_START
  G:\SoftWare\Keil\Pack\ARM\CMSIS\5.8.0\CMSIS\Core\Include
  G:\SoftWare\Keil\Pack\GigaDevice\GD32L23x_DFP\1.1.0\Device\Include

<h2>Collection of Component Files used:</h2>

   * Component: ARM::CMSIS:CORE:5.5.0
Build Time Elapsed:  00:00:02
</pre>
</body>
</html>
